// Jest Snapshot v1, https://goo.gl/fbAQLP

exports[`passes snapshot test 1`] = `
<div
  className="box"
  style={Object {}}
>
  <h3
    onClick={[Function]}
  >
    About Me
  </h3>
  <button
    onClick={[Function]}
  >
    Button
  </button>
</div>
`;
