// Jest Snapshot v1, https://goo.gl/fbAQLP

exports[`passes snapshot test 1`] = `
<div>
  <h1>
    About Me
  </h1>
</div>
`;
